Initialized native services in: C:\Users\alvin\.gradle\native
Initialized jansi services in: C:\Users\alvin\.gradle\native
The client will now receive all logging from the daemon (pid: 9960). The daemon log file: C:\Users\alvin\.gradle\daemon\9.2.1\daemon-9960.out.log
Starting 28th build in daemon [uptime: 1 hrs 20 mins 27.252 secs, performance: 99%, GC rate: 0.00/s, heap usage: 0% of 2 GiB]
Using 16 worker leases.
Operational build model parameters: {requiresToolingModels=false, parallelProjectExecution=false, configureOnDemand=false, configurationCache=false, configurationCacheParallelStore=false, configurationCacheParallelLoad=true, isolatedProjects=false, parallelProjectConfiguration=false, intermediateModelCache=false, parallelToolingApiActions=false, invalidateCoupledProjects=false, modelAsProjectDependency=false, resilientModelBuilding=false}
Now considering [D:\Intern_Project\AttendanceApp] as hierarchies to watch
Watching the file system is configured to be enabled if available
File system watching is active
Starting Build
Resolved plugin [id: 'org.gradle.toolchains.foojay-resolver-convention', version: '1.0.0']
Settings evaluated using settings file 'D:\Intern_Project\AttendanceApp\settings.gradle.kts'.
Projects loaded. Root project using build file 'D:\Intern_Project\AttendanceApp\build.gradle.kts'.
Included projects: [root project 'AttendanceApp', project ':app']

> Configure project :
Evaluating root project 'AttendanceApp' using build file 'D:\Intern_Project\AttendanceApp\build.gradle.kts'.
Resolved plugin [id: 'com.android.application', version: '9.0.1', apply: false]
Resolved plugin [id: 'org.jetbrains.kotlin.plugin.compose', version: '2.0.21', apply: false]
Resolved plugin [id: 'com.google.devtools.ksp', version: '2.0.21-1.0.27', apply: false]

> Configure project :app
Evaluating project ':app' using build file 'D:\Intern_Project\AttendanceApp\app\build.gradle.kts'.
Resolved plugin [id: 'com.android.application', version: '9.0.1']
Resolved plugin [id: 'org.jetbrains.kotlin.plugin.compose', version: '2.0.21']
Resolved plugin [id: 'com.google.devtools.ksp']
WARNING: The option setting 'android.disallowKotlinSourceSets=false' is experimental.
The current default is 'true'.
Build 58ce40f9-7c69-4c1c-9b48-ca8ecc1c4761 is started
Using default execution profile
Detected Android Gradle Plugin compose compiler configuration
Detected Android Gradle Plugin compose compiler configuration
Detected Android Gradle Plugin compose compiler configuration
Detected Android Gradle Plugin compose compiler configuration
All projects evaluated.
Task path ':app:compileDebugKotlin' matched project ':app'
Task name matched 'compileDebugKotlin'
Adding -Xuse-inline-scopes-numbers Kotlin compiler flag for task :app:compileDebugKotlin
Selected primary task 'compileDebugKotlin' from project :app
Tasks to be executed: [task ':app:preBuild', task ':app:preDebugBuild', task ':app:dataBindingMergeDependencyArtifactsDebug', task ':app:generateDebugResources', task ':app:mergeDebugResources', task ':app:packageDebugResources', task ':app:processDebugNavigationResources', task ':app:parseDebugLocalResources', task ':app:dataBindingGenBaseClassesDebug', task ':app:generateDebugRFile', task ':app:kspDebugKotlin', task ':app:compileDebugKotlin']
Tasks that were excluded: []
Resolve mutations for :app:preBuild (Thread[#2975,Execution worker,5,main]) started.
:app:preBuild (Thread[#2978,Execution worker Thread 4,5,main]) started.

> Task :app:preBuild UP-TO-DATE
Skipping task ':app:preBuild' as it has no actions.
Resolve mutations for :app:preDebugBuild (Thread[#2978,Execution worker Thread 4,5,main]) started.
:app:preDebugBuild (Thread[#2986,Execution worker Thread 11,5,main]) started.

> Task :app:preDebugBuild UP-TO-DATE
Skipping task ':app:preDebugBuild' as it has no actions.
Resolve mutations for :app:dataBindingMergeDependencyArtifactsDebug (Thread[#2986,Execution worker Thread 11,5,main]) started.
:app:dataBindingMergeDependencyArtifactsDebug (Thread[#2985,Execution worker Thread 10,5,main]) started.

> Task :app:dataBindingMergeDependencyArtifactsDebug UP-TO-DATE
Caching disabled for task ':app:dataBindingMergeDependencyArtifactsDebug' because:
  Build cache is disabled
  Caching has been disabled for the task
Skipping task ':app:dataBindingMergeDependencyArtifactsDebug' as it is up-to-date.
Resolve mutations for :app:generateDebugResources (Thread[#2985,Execution worker Thread 10,5,main]) started.
:app:generateDebugResources (Thread[#2985,Execution worker Thread 10,5,main]) started.

> Task :app:generateDebugResources UP-TO-DATE
Caching disabled for task ':app:generateDebugResources' because:
  Build cache is disabled
Skipping task ':app:generateDebugResources' as it is up-to-date.
Resolve mutations for :app:mergeDebugResources (Thread[#2985,Execution worker Thread 10,5,main]) started.
:app:mergeDebugResources (Thread[#2985,Execution worker Thread 10,5,main]) started.

> Task :app:mergeDebugResources UP-TO-DATE
Caching disabled for task ':app:mergeDebugResources' because:
  Build cache is disabled
Skipping task ':app:mergeDebugResources' as it is up-to-date.
Resolve mutations for :app:packageDebugResources (Thread[#2985,Execution worker Thread 10,5,main]) started.
:app:packageDebugResources (Thread[#2985,Execution worker Thread 10,5,main]) started.

> Task :app:packageDebugResources UP-TO-DATE
Caching disabled for task ':app:packageDebugResources' because:
  Build cache is disabled
Skipping task ':app:packageDebugResources' as it is up-to-date.
Resolve mutations for :app:processDebugNavigationResources (Thread[#2985,Execution worker Thread 10,5,main]) started.
:app:processDebugNavigationResources (Thread[#2985,Execution worker Thread 10,5,main]) started.

> Task :app:processDebugNavigationResources UP-TO-DATE
Caching disabled for task ':app:processDebugNavigationResources' because:
  Build cache is disabled
Skipping task ':app:processDebugNavigationResources' as it is up-to-date.
Resolve mutations for :app:parseDebugLocalResources (Thread[#2985,Execution worker Thread 10,5,main]) started.
:app:parseDebugLocalResources (Thread[#2985,Execution worker Thread 10,5,main]) started.

> Task :app:parseDebugLocalResources UP-TO-DATE
Caching disabled for task ':app:parseDebugLocalResources' because:
  Build cache is disabled
Skipping task ':app:parseDebugLocalResources' as it is up-to-date.
Resolve mutations for :app:dataBindingGenBaseClassesDebug (Thread[#2985,Execution worker Thread 10,5,main]) started.
:app:dataBindingGenBaseClassesDebug (Thread[#2976,Execution worker Thread 2,5,main]) started.

> Task :app:dataBindingGenBaseClassesDebug UP-TO-DATE
Caching disabled for task ':app:dataBindingGenBaseClassesDebug' because:
  Build cache is disabled
Skipping task ':app:dataBindingGenBaseClassesDebug' as it is up-to-date.
Resolve mutations for :app:generateDebugRFile (Thread[#2976,Execution worker Thread 2,5,main]) started.
:app:generateDebugRFile (Thread[#2976,Execution worker Thread 2,5,main]) started.

> Task :app:generateDebugRFile UP-TO-DATE
Caching disabled for task ':app:generateDebugRFile' because:
  Build cache is disabled
Skipping task ':app:generateDebugRFile' as it is up-to-date.
Resolve mutations for :app:kspDebugKotlin (Thread[#2976,Execution worker Thread 2,5,main]) started.
:app:kspDebugKotlin (Thread[#2976,Execution worker Thread 2,5,main]) started.

> Task :app:kspDebugKotlin UP-TO-DATE
Caching disabled for task ':app:kspDebugKotlin' because:
  Build cache is disabled
Skipping task ':app:kspDebugKotlin' as it is up-to-date.
Resolve mutations for :app:compileDebugKotlin (Thread[#2976,Execution worker Thread 2,5,main]) started.
:app:compileDebugKotlin (Thread[#2976,Execution worker Thread 2,5,main]) started.

> Task :app:compileDebugKotlin FAILED
file or directory 'D:\Intern_Project\AttendanceApp\app\src\main\kotlin', not found
file or directory 'D:\Intern_Project\AttendanceApp\app\src\debug\java', not found
file or directory 'D:\Intern_Project\AttendanceApp\app\src\debug\kotlin', not found
file or directory 'D:\Intern_Project\AttendanceApp\app\src\debug\java', not found
file or directory 'D:\Intern_Project\AttendanceApp\app\src\main\kotlin', not found
file or directory 'D:\Intern_Project\AttendanceApp\app\src\debug\java', not found
file or directory 'D:\Intern_Project\AttendanceApp\app\src\debug\kotlin', not found
file or directory 'D:\Intern_Project\AttendanceApp\app\src\debug\java', not found
file or directory 'D:\Intern_Project\AttendanceApp\app\src\main\kotlin', not found
file or directory 'D:\Intern_Project\AttendanceApp\app\src\debug\java', not found
file or directory 'D:\Intern_Project\AttendanceApp\app\src\debug\kotlin', not found
file or directory 'D:\Intern_Project\AttendanceApp\app\src\debug\java', not found
Custom actions are attached to task ':app:compileDebugKotlin'.
Caching disabled for task ':app:compileDebugKotlin' because:
  Build cache is disabled
Task ':app:compileDebugKotlin' is not up-to-date because:
  Input property 'javaSources' file D:\Intern_Project\AttendanceApp\app\build\generated\data_binding_base_class_source_out\debug\out\com\example\attendanceapp\databinding\FragmentGpsLogBinding.java has changed.
  Input property 'javaSources' file D:\Intern_Project\AttendanceApp\app\build\generated\data_binding_base_class_source_out\debug\out\com\example\attendanceapp\databinding\FragmentHistoryBinding.java has changed.
  Input property 'sources' file D:\Intern_Project\AttendanceApp\app\src\main\java\com\example\attendanceapp\GpsLogFragment.kt has changed.
  and more...
file or directory 'D:\Intern_Project\AttendanceApp\app\src\main\kotlin', not found
file or directory 'D:\Intern_Project\AttendanceApp\app\src\main\kotlin', not found
file or directory 'D:\Intern_Project\AttendanceApp\app\src\debug\java', not found
file or directory 'D:\Intern_Project\AttendanceApp\app\src\debug\java', not found
file or directory 'D:\Intern_Project\AttendanceApp\app\src\debug\kotlin', not found
file or directory 'D:\Intern_Project\AttendanceApp\app\src\debug\kotlin', not found
file or directory 'D:\Intern_Project\AttendanceApp\app\src\debug\java', not found
file or directory 'D:\Intern_Project\AttendanceApp\app\src\debug\java', not found
file or directory 'D:\Intern_Project\AttendanceApp\app\src\main\kotlin', not found
file or directory 'D:\Intern_Project\AttendanceApp\app\src\debug\java', not found
file or directory 'D:\Intern_Project\AttendanceApp\app\src\debug\kotlin', not found
file or directory 'D:\Intern_Project\AttendanceApp\app\build\generated\ksp\debug\kotlin', not found
file or directory 'D:\Intern_Project\AttendanceApp\app\src\main\kotlin', not found
file or directory 'D:\Intern_Project\AttendanceApp\app\src\main\kotlin', not found
file or directory 'D:\Intern_Project\AttendanceApp\app\src\debug\java', not found
file or directory 'D:\Intern_Project\AttendanceApp\app\src\debug\java', not found
file or directory 'D:\Intern_Project\AttendanceApp\app\src\debug\kotlin', not found
file or directory 'D:\Intern_Project\AttendanceApp\app\src\debug\kotlin', not found
file or directory 'D:\Intern_Project\AttendanceApp\app\src\debug\java', not found
file or directory 'D:\Intern_Project\AttendanceApp\app\src\debug\java', not found
file or directory 'D:\Intern_Project\AttendanceApp\app\src\main\kotlin', not found
file or directory 'D:\Intern_Project\AttendanceApp\app\src\debug\java', not found
file or directory 'D:\Intern_Project\AttendanceApp\app\src\debug\kotlin', not found
file or directory 'D:\Intern_Project\AttendanceApp\app\build\generated\ksp\debug\kotlin', not found
file or directory 'D:\Intern_Project\AttendanceApp\app\src\main\kotlin', not found
file or directory 'D:\Intern_Project\AttendanceApp\app\src\main\kotlin', not found
file or directory 'D:\Intern_Project\AttendanceApp\app\src\debug\java', not found
file or directory 'D:\Intern_Project\AttendanceApp\app\src\debug\java', not found
file or directory 'D:\Intern_Project\AttendanceApp\app\src\debug\kotlin', not found
file or directory 'D:\Intern_Project\AttendanceApp\app\src\debug\kotlin', not found
file or directory 'D:\Intern_Project\AttendanceApp\app\src\debug\java', not found
file or directory 'D:\Intern_Project\AttendanceApp\app\src\debug\java', not found
file or directory 'D:\Intern_Project\AttendanceApp\app\src\main\kotlin', not found
file or directory 'D:\Intern_Project\AttendanceApp\app\src\debug\java', not found
file or directory 'D:\Intern_Project\AttendanceApp\app\src\debug\kotlin', not found
file or directory 'D:\Intern_Project\AttendanceApp\app\build\generated\ksp\debug\kotlin', not found
file or directory 'D:\Intern_Project\AttendanceApp\app\src\main\kotlin', not found
file or directory 'D:\Intern_Project\AttendanceApp\app\src\main\kotlin', not found
file or directory 'D:\Intern_Project\AttendanceApp\app\src\debug\java', not found
file or directory 'D:\Intern_Project\AttendanceApp\app\src\debug\java', not found
file or directory 'D:\Intern_Project\AttendanceApp\app\src\debug\kotlin', not found
file or directory 'D:\Intern_Project\AttendanceApp\app\src\debug\kotlin', not found
file or directory 'D:\Intern_Project\AttendanceApp\app\src\debug\java', not found
file or directory 'D:\Intern_Project\AttendanceApp\app\src\debug\java', not found
file or directory 'D:\Intern_Project\AttendanceApp\app\src\main\kotlin', not found
file or directory 'D:\Intern_Project\AttendanceApp\app\src\debug\java', not found
file or directory 'D:\Intern_Project\AttendanceApp\app\src\debug\kotlin', not found
file or directory 'D:\Intern_Project\AttendanceApp\app\build\generated\ksp\debug\kotlin', not found
Kotlin source files: D:\Intern_Project\AttendanceApp\app\src\main\java\com\example\attendanceapp\AttendanceHistoryAdapter.kt, D:\Intern_Project\AttendanceApp\app\src\main\java\com\example\attendanceapp\AttendanceRecord.kt, D:\Intern_Project\AttendanceApp\app\src\main\java\com\example\attendanceapp\CapturePhotoActivity.kt, D:\Intern_Project\AttendanceApp\app\src\main\java\com\example\attendanceapp\ConfirmSubmissionActivity.kt, D:\Intern_Project\AttendanceApp\app\src\main\java\com\example\attendanceapp\data\AppDatabase.kt, D:\Intern_Project\AttendanceApp\app\src\main\java\com\example\attendanceapp\data\AppPreferences.kt, D:\Intern_Project\AttendanceApp\app\src\main\java\com\example\attendanceapp\data\GpsLogDao.kt, D:\Intern_Project\AttendanceApp\app\src\main\java\com\example\attendanceapp\data\GpsLogEntity.kt, D:\Intern_Project\AttendanceApp\app\src\main\java\com\example\attendanceapp\data\network\ApiService.kt, D:\Intern_Project\AttendanceApp\app\src\main\java\com\example\attendanceapp\data\network\dto\ApiResponse.kt, D:\Intern_Project\AttendanceApp\app\src\main\java\com\example\attendanceapp\data\network\dto\AttendanceResponse.kt, D:\Intern_Project\AttendanceApp\app\src\main\java\com\example\attendanceapp\data\network\dto\ClockInRequest.kt, D:\Intern_Project\AttendanceApp\app\src\main\java\com\example\attendanceapp\data\network\dto\ClockOutRequest.kt, D:\Intern_Project\AttendanceApp\app\src\main\java\com\example\attendanceapp\data\network\dto\GpsLogDto.kt, D:\Intern_Project\AttendanceApp\app\src\main\java\com\example\attendanceapp\data\network\dto\LoginRequest.kt, D:\Intern_Project\AttendanceApp\app\src\main\java\com\example\attendanceapp\data\network\dto\LoginResponse.kt, D:\Intern_Project\AttendanceApp\app\src\main\java\com\example\attendanceapp\data\network\dto\UserResponse.kt, D:\Intern_Project\AttendanceApp\app\src\main\java\com\example\attendanceapp\data\network\RetrofitClient.kt, D:\Intern_Project\AttendanceApp\app\src\main\java\com\example\attendanceapp\GpsLogAdapter.kt, D:\Intern_Project\AttendanceApp\app\src\main\java\com\example\attendanceapp\GpsLogFragment.kt, D:\Intern_Project\AttendanceApp\app\src\main\java\com\example\attendanceapp\HistoryFragment.kt, D:\Intern_Project\AttendanceApp\app\src\main\java\com\example\attendanceapp\HomeFragment.kt, D:\Intern_Project\AttendanceApp\app\src\main\java\com\example\attendanceapp\LateSubmissionActivity.kt, D:\Intern_Project\AttendanceApp\app\src\main\java\com\example\attendanceapp\LocationHelper.kt, D:\Intern_Project\AttendanceApp\app\src\main\java\com\example\attendanceapp\LoginActivity.kt, D:\Intern_Project\AttendanceApp\app\src\main\java\com\example\attendanceapp\MainActivity.kt, D:\Intern_Project\AttendanceApp\app\src\main\java\com\example\attendanceapp\ProfileFragment.kt, D:\Intern_Project\AttendanceApp\app\src\main\java\com\example\attendanceapp\receiver\BootReceiver.kt, D:\Intern_Project\AttendanceApp\app\src\main\java\com\example\attendanceapp\receiver\TaskerReceiver.kt, D:\Intern_Project\AttendanceApp\app\src\main\java\com\example\attendanceapp\service\GpsSyncWorker.kt, D:\Intern_Project\AttendanceApp\app\src\main\java\com\example\attendanceapp\service\LocationTrackingService.kt, D:\Intern_Project\AttendanceApp\app\src\main\java\com\example\attendanceapp\SuccessActivity.kt, D:\Intern_Project\AttendanceApp\app\src\main\java\com\example\attendanceapp\ui\theme\Color.kt, D:\Intern_Project\AttendanceApp\app\src\main\java\com\example\attendanceapp\ui\theme\Theme.kt, D:\Intern_Project\AttendanceApp\app\src\main\java\com\example\attendanceapp\ui\theme\Type.kt, D:\Intern_Project\AttendanceApp\app\src\main\java\com\example\attendanceapp\utils\SessionManager.kt, D:\Intern_Project\AttendanceApp\app\src\main\java\com\example\attendanceapp\worker\HourlyLocationWorker.kt
Java source files: D:\Intern_Project\AttendanceApp\app\build\generated\data_binding_base_class_source_out\debug\out\com\example\attendanceapp\databinding\ActivityCapturePhotoBinding.java, D:\Intern_Project\AttendanceApp\app\build\generated\data_binding_base_class_source_out\debug\out\com\example\attendanceapp\databinding\ActivityConfirmSubmissionBinding.java, D:\Intern_Project\AttendanceApp\app\build\generated\data_binding_base_class_source_out\debug\out\com\example\attendanceapp\databinding\ActivityLateSubmissionBinding.java, D:\Intern_Project\AttendanceApp\app\build\generated\data_binding_base_class_source_out\debug\out\com\example\attendanceapp\databinding\ActivityLoginBinding.java, D:\Intern_Project\AttendanceApp\app\build\generated\data_binding_base_class_source_out\debug\out\com\example\attendanceapp\databinding\ActivityMainBinding.java, D:\Intern_Project\AttendanceApp\app\build\generated\data_binding_base_class_source_out\debug\out\com\example\attendanceapp\databinding\ActivitySuccessBinding.java, D:\Intern_Project\AttendanceApp\app\build\generated\data_binding_base_class_source_out\debug\out\com\example\attendanceapp\databinding\FragmentGpsLogBinding.java, D:\Intern_Project\AttendanceApp\app\build\generated\data_binding_base_class_source_out\debug\out\com\example\attendanceapp\databinding\FragmentHistoryBinding.java, D:\Intern_Project\AttendanceApp\app\build\generated\data_binding_base_class_source_out\debug\out\com\example\attendanceapp\databinding\FragmentHomeBinding.java, D:\Intern_Project\AttendanceApp\app\build\generated\data_binding_base_class_source_out\debug\out\com\example\attendanceapp\databinding\FragmentProfileBinding.java, D:\Intern_Project\AttendanceApp\app\build\generated\data_binding_base_class_source_out\debug\out\com\example\attendanceapp\databinding\ItemAttendanceHistoryBinding.java, D:\Intern_Project\AttendanceApp\app\build\generated\data_binding_base_class_source_out\debug\out\com\example\attendanceapp\databinding\ItemGpsLogBinding.java, D:\Intern_Project\AttendanceApp\app\build\generated\data_binding_base_class_source_out\debug\out\com\example\attendanceapp\databinding\LayoutBinding.java, D:\Intern_Project\AttendanceApp\app\build\generated\ksp\debug\java\com\example\attendanceapp\data\AppDatabase_Impl.java, D:\Intern_Project\AttendanceApp\app\build\generated\ksp\debug\java\com\example\attendanceapp\data\GpsLogDao_Impl.java
Script source files: 
Script file extensions: 
Using Kotlin/JVM incremental compilation
[KOTLIN] Kotlin compilation 'jdkHome' argument: C:\Users\alvin\.gradle\jdks\jdk21\jdk-21.0.2+13
Options for KOTLIN DAEMON: IncrementalCompilationOptions(super=CompilationOptions(compilerMode=INCREMENTAL_COMPILER, targetPlatform=JVM, reportCategories=[0, 3], reportSeverity=2, requestedCompilationResults=[0], kotlinScriptExtensions=[]), sourceChanges=org.jetbrains.kotlin.buildtools.api.SourcesChanges$Known@3e1d623e, classpathChanges=NoChanges, workingDir=D:\Intern_Project\AttendanceApp\app\build\kotlin\compileDebugKotlin\cacheable, multiModuleICSettings=MultiModuleICSettings(buildHistoryFile=D:\Intern_Project\AttendanceApp\app\build\kotlin\compileDebugKotlin\local-state\build-history.bin, useModuleDetection=true), icFeatures=IncrementalCompilationFeatures(usePreciseJavaTracking=true, withAbiSnapshot=false, preciseCompilationResultsBackup=true, keepIncrementalCompilationCachesInMemory=true, enableUnsafeIncrementalCompilationForMultiplatform=false, enableMonotonousIncrementalCompileSetExpansion=true), outputFiles=[D:\Intern_Project\AttendanceApp\app\build\intermediates\built_in_kotlinc\debug\compileDebugKotlin\classes, D:\Intern_Project\AttendanceApp\app\build\kotlin\compileDebugKotlin\cacheable, D:\Intern_Project\AttendanceApp\app\build\kotlin\compileDebugKotlin\local-state])
.\gradlew.bat : e: file:///D:/Intern_Project/AttendanceApp/app/src/main/java/com/e
xample/attendanceapp/GpsLogFragment.kt:107:2 Syntax error: Missing '}.
At line:1 char:1
+ .\gradlew.bat :app:compileDebugKotlin --info > build_output.txt 2>&1
+ ~~~~~~~~~~~~~~~~~~~~~~~~~~~~~~~~~~~~~~~~~~~~~~~~~~~~~~~~~~~~~~~~~~~~
    + CategoryInfo          : NotSpecified: (e: file:///D:/I...or: Missing '}.:St 
   ring) [], RemoteException
    + FullyQualifiedErrorId : NativeCommandError
 
Finished executing kotlin compiler using DAEMON strategy
Restoring task outputs to pre-compilation state
Build 58ce40f9-7c69-4c1c-9b48-ca8ecc1c4761 is closed

FAILURE: Build failed with an exception.

* What went wrong:
Execution failed for task ':app:compileDebugKotlin'.
> A failure occurred while executing org.jetbrains.kotlin.compilerRunner.GradleCom
pilerRunnerWithWorkers$GradleKotlinCompilerWorkAction
   > Compilation error. See log for more details

* Try:
> Run with --stacktrace option to get the stack trace.
> Run with --debug option to get more log output.
> Run with --scan to generate a Build Scan (powered by Develocity).
> Get more help at https://help.gradle.org.

BUILD FAILED in 2s
10 actionable tasks: 1 executed, 9 up-to-date
Watched directory hierarchies: [D:\Intern_Project\AttendanceApp]
